// Jest Snapshot v1, https://goo.gl/fbAQLP

exports[`Home matches snapshot 1`] = `
<DocumentFragment>
  <div
    class="Home"
  >
    <div
      class="usa-hero"
    >
      <div>
        <h1
          class="margin-bottom-2"
        >
          Upload your enrollment data
        </h1>
        <a
          class="usa-button usa-button--base btn--inverse"
          href="/login"
        >
          Sign in
        </a>
      </div>
    </div>
    <div
      class="grid-container margin-top-4"
    >
      <div
        class="grid-row"
      >
        <div
          class="tablet:grid-col-auto margin-right-4 padding-4"
        >
          <img
            alt=""
            class="hero-bubble"
            src="homeCareerBubble.png"
          />
        </div>
        <div
          class="tablet:grid-col-fill"
        >
          <h2
            class="text-primary text-light margin-y-3"
          >
            We support affordable child care in Connecticut
          </h2>
          <p
            class="line-height-sans-5"
          >
            Publicly-funded early care and education programs use ECE Reporter to share data with the Connecticut Office of Early Childhood.
          </p>
          <p>
            The Office of Early Childhood uses this data to pay programs and help families access quality care.
          </p>
          <div
            class="margin-bottom-4"
          >
            <p
              class="text-bold"
            >
              Learn more
            </p>
            <a
              class="usa-button usa-button--unstyled text-bold margin-bottom-3 display-block"
              href="https://ctoec.org"
            >
              <span
                class="oec-text-with-icon text-underline"
              >
                Visit OEC's website
                <svg
                  class="oec-text-with-icon__icon oec-text-with-icon__icon--direction-right oec-text-with-icon__icon--side-right"
                >
                  arrow-right.svg
                </svg>
              </span>
            </a>
            <a
              class="usa-button usa-button--unstyled text-bold margin-bottom-3 display-block"
              href="/privacy-policy"
            >
              <span
                class="oec-text-with-icon text-underline"
              >
                See the privacy policy
                <svg
                  class="oec-text-with-icon__icon oec-text-with-icon__icon--direction-right oec-text-with-icon__icon--side-right"
                >
                  arrow-right.svg
                </svg>
              </span>
            </a>
            <a
              class="usa-button usa-button--unstyled text-bold margin-bottom-3 display-block"
              href="/data-requirements"
            >
              <span
                class="oec-text-with-icon text-underline"
              >
                See the data requirements
                <svg
                  class="oec-text-with-icon__icon oec-text-with-icon__icon--direction-right oec-text-with-icon__icon--side-right"
                >
                  arrow-right.svg
                </svg>
              </span>
            </a>
          </div>
          <div>
            <p
              class="text-bold"
            >
              Download the data collection template
            </p>
            <button
              class="usa-button usa-button--unstyled text-bold margin-bottom-3 display-block"
              type="button"
            >
              <span
                class="oec-text-with-icon text-underline"
              >
                Download Excel template
              </span>
            </button>
            <button
              class="usa-button usa-button--unstyled text-bold margin-bottom-3 display-block"
              type="button"
            >
              <span
                class="oec-text-with-icon text-underline"
              >
                Download CSV template
              </span>
            </button>
          </div>
        </div>
      </div>
    </div>
    <footer
      class="bg-base-lightest padding-y-6 footer"
    >
      <div
        class="grid-row flex-justify flex-align-center"
      >
        <div
          class="grid-col-10"
        >
          <h2
            class="text-primary text-light margin-y-3"
          >
            Have feedback about OEC's data collection process?
          </h2>
          <p>
            Feedback from providers like you helps make this tool even better.
          </p>
          <p>
            Send us your feedback at 
            <a
              class="usa-button usa-button--unstyled"
              href="mailto:oec-data-pilot@skylight.digital?subject=Data%20collection%20bug"
              rel="noopener noreferrer"
              target="_blank"
            >
              oec-data-pilot@skylight.digital
            </a>
          </p>
        </div>
      </div>
      <div
        class="grid-col-2"
      />
    </footer>
  </div>
</DocumentFragment>
`;
