// Jest Snapshot v1, https://goo.gl/fbAQLP

exports[`EditForms FamilyIncome matches snapshot 1`] = `
<DocumentFragment>
  <form
    class="usa-form"
    id="new-income-determination"
  >
    <fieldset
      aria-labelledby="fieldset-legend-new-income-determination-fieldset"
      class="usa-fieldset"
      id="new-income-determination-fieldset"
    >
      <legend
        id="fieldset-legend-new-income-determination-fieldset"
      >
        <span
          class="usa-label"
        >
          New income determination
        </span>
      </legend>
      <div>
        <div>
          <div
            class=" usa-form-group"
          >
            <label
              class="usa-label"
              for="number-of-people"
            >
              Household size 
            </label>
            <input
              aria-required="true"
              class="usa-input oec-text-input usa-input--small"
              id="number-of-people"
              type="text"
              value="3"
            />
          </div>
        </div>
        <div>
          <div
            class="bx--form-item"
          >
            <div
              class="bx--number bx--number--helpertext usa-label bx--number--nosteppers"
            >
              <label
                class="bx--label"
                for="income-determination"
              >
                Annual household income
              </label>
              <div
                class="bx--number__input-wrapper"
              >
                <input
                  id="income-determination"
                  pattern="[0-9]*"
                  step="1"
                  type="number"
                  value="50000"
                />
              </div>
            </div>
          </div>
        </div>
        <div>
          <fieldset
            aria-labelledby="fieldset-legend-determination-date- determination-date--hint"
            class="usa-fieldset"
            id="determination-date-"
          >
            <legend
              id="fieldset-legend-determination-date-"
            >
              <span
                class="usa-label"
              >
                Determination date
              </span>
            </legend>
            <span
              class="usa-hint text-italic"
              id="determination-date--hint"
            >
              For example: 06/21/2008
            </span>
            <div>
              <div
                class="bx--form-item"
              >
                <div
                  class="bx--date-picker bx--date-picker--single"
                  id="determination-date--picker"
                >
                  <div
                    class="bx--date-picker-container"
                  >
                    <label
                      class="bx--label bx--visually-hidden"
                      for="determination-date--input"
                    >
                      Date picker
                    </label>
                    <div
                      class="bx--date-picker-input__wrapper"
                    >
                      <input
                        class="bx--date-picker__input flatpickr-input"
                        id="determination-date--input"
                        pattern="\\\\d{1,2}\\\\/\\\\d{1,2}\\\\/\\\\d{4}"
                        placeholder="mm/dd/yyyy"
                        type="text"
                        value="06/22/2007"
                      />
                      <svg
                        aria-hidden="true"
                        class="bx--date-picker__icon"
                        fill="currentColor"
                        focusable="false"
                        height="16"
                        preserveAspectRatio="xMidYMid meet"
                        role="img"
                        viewBox="0 0 32 32"
                        width="16"
                        xmlns="http://www.w3.org/2000/svg"
                      >
                        <path
                          d="M26,4h-4V2h-2v2h-8V2h-2v2H6C4.9,4,4,4.9,4,6v20c0,1.1,0.9,2,2,2h20c1.1,0,2-0.9,2-2V6C28,4.9,27.1,4,26,4z M26,26H6V12h20	V26z M26,10H6V6h4v2h2V6h8v2h2V6h4V10z"
                        />
                      </svg>
                    </div>
                  </div>
                </div>
              </div>
            </div>
          </fieldset>
        </div>
        <div
          class="margin-top-4 margin-bottom-4"
        >
          <hr
            class="oec-divider"
          />
        </div>
        <div>
          <div
            class="usa-checkbox"
          >
            <input
              class="usa-checkbox__input"
              id="income-not-disclosed-checkbox"
              type="checkbox"
              value=""
            />
            <label
              class="usa-checkbox__label"
              for="income-not-disclosed-checkbox"
            >
              Income not disclosed
            </label>
          </div>
        </div>
      </div>
    </fieldset>
    <button
      class="usa-button bx--btn bx--btn--primary"
      tabindex="0"
      type="submit"
    >
      Save
    </button>
  </form>
</DocumentFragment>
`;
