// Jest Snapshot v1, https://goo.gl/fbAQLP

exports[`BatchEdit FamilyAddressForm matches snapshot 1`] = `<DocumentFragment />`;
