// Jest Snapshot v1, https://goo.gl/fbAQLP

exports[`EditRecord EnrollmentFunding ChangeEnrollment matches snapshot 1`] = `
<DocumentFragment>
  <div
    class="oec-card oec-card--stacked"
  >
    <div
      class="oec-card-cell"
    >
      <div
        class="display-flex flex-justify flex-row flex-align-center"
      >
        <div
          class="usa-prose-body"
        >
          Has First's age group and/or site changed?
        </div>
        <button
          class="usa-button usa-button--outline bx--btn bx--btn--primary"
          tabindex="0"
          type="button"
        >
          Change enrollment
        </button>
      </div>
    </div>
    <div
      class="oec-card-divider"
    />
    <div
      class="oec-card-cell oec-card-expansion"
    >
      <form
        class="usa-form usa-form"
        id="change-enrollment-form"
      >
        <h2
          class="margin-top-2 margin-bottom-2"
        >
          New enrollment
        </h2>
        <fieldset
          aria-labelledby="fieldset-legend-site-radiogroup"
          class="usa-fieldset"
          id="site-radiogroup"
        >
          <legend
            id="fieldset-legend-site-radiogroup"
          >
            <span
              class="usa-label"
            >
              Site
            </span>
          </legend>
          <div />
        </fieldset>
        <fieldset
          aria-labelledby="fieldset-legend-start-date start-date-hint"
          class="usa-fieldset"
          id="start-date"
        >
          <legend
            id="fieldset-legend-start-date"
          >
            <span
              class="usa-label"
            >
              Enrollment start date
            </span>
          </legend>
          <span
            class="usa-hint text-italic"
            id="start-date-hint"
          >
            For example: 06/21/2008
          </span>
          <div>
            <div
              class="bx--form-item"
            >
              <div
                class="bx--date-picker bx--date-picker--single"
                id="start-date-picker"
              >
                <div
                  class="bx--date-picker-container"
                >
                  <label
                    class="bx--label bx--visually-hidden"
                    for="start-date-input"
                  >
                    Date picker
                  </label>
                  <div
                    class="bx--date-picker-input__wrapper"
                  >
                    <input
                      class="bx--date-picker__input flatpickr-input"
                      id="start-date-input"
                      pattern="\\\\d{1,2}\\\\/\\\\d{1,2}\\\\/\\\\d{4}"
                      placeholder="mm/dd/yyyy"
                      type="text"
                      value=""
                    />
                    <svg
                      aria-hidden="true"
                      class="bx--date-picker__icon"
                      fill="currentColor"
                      focusable="false"
                      height="16"
                      preserveAspectRatio="xMidYMid meet"
                      role="img"
                      viewBox="0 0 32 32"
                      width="16"
                      xmlns="http://www.w3.org/2000/svg"
                    >
                      <path
                        d="M26,4h-4V2h-2v2h-8V2h-2v2H6C4.9,4,4,4.9,4,6v20c0,1.1,0.9,2,2,2h20c1.1,0,2-0.9,2-2V6C28,4.9,27.1,4,26,4z M26,26H6V12h20	V26z M26,10H6V6h4v2h2V6h8v2h2V6h4V10z"
                      />
                    </svg>
                  </div>
                </div>
              </div>
            </div>
          </div>
        </fieldset>
        <fieldset
          aria-labelledby="fieldset-legend-care-model-radiogroup"
          class="usa-fieldset"
          id="care-model-radiogroup"
        >
          <legend
            id="fieldset-legend-care-model-radiogroup"
          >
            <span
              class="usa-label"
            >
              Care model
            </span>
          </legend>
          <div>
            <span>
              <div
                class="usa-radio"
              >
                <input
                  class="usa-radio__input"
                  id="In-person"
                  name="model"
                  type="radio"
                  value="In-person"
                />
                <label
                  class="usa-radio__label"
                  for="In-person"
                >
                  In-person
                </label>
              </div>
            </span>
            <span>
              <div
                class="usa-radio"
              >
                <input
                  class="usa-radio__input"
                  id="Hybrid"
                  name="model"
                  type="radio"
                  value="Hybrid"
                />
                <label
                  class="usa-radio__label"
                  for="Hybrid"
                >
                  Hybrid
                </label>
              </div>
            </span>
            <span>
              <div
                class="usa-radio"
              >
                <input
                  class="usa-radio__input"
                  id="Distance"
                  name="model"
                  type="radio"
                  value="Distance"
                />
                <label
                  class="usa-radio__label"
                  for="Distance"
                >
                  Distance
                </label>
              </div>
            </span>
            <span>
              <div
                class="usa-radio"
              >
                <input
                  class="usa-radio__input"
                  id="Unknown"
                  name="model"
                  type="radio"
                  value="Unknown"
                />
                <label
                  class="usa-radio__label"
                  for="Unknown"
                >
                  Unknown
                </label>
              </div>
            </span>
          </div>
        </fieldset>
        <fieldset
          aria-labelledby="fieldset-legend-age-group-radiogroup"
          class="usa-fieldset"
          id="age-group-radiogroup"
        >
          <legend
            id="fieldset-legend-age-group-radiogroup"
          >
            <span
              class="usa-label"
            >
              Age group
            </span>
          </legend>
          <div>
            <span>
              <div
                class="usa-radio"
              >
                <input
                  class="usa-radio__input"
                  id="Infant/toddler"
                  name="ageGroup"
                  type="radio"
                  value="Infant/toddler"
                />
                <label
                  class="usa-radio__label"
                  for="Infant/toddler"
                >
                  Infant/toddler
                </label>
              </div>
            </span>
            <span>
              <div
                class="usa-radio"
              >
                <input
                  class="usa-radio__input"
                  id="Preschool"
                  name="ageGroup"
                  type="radio"
                  value="Preschool"
                />
                <label
                  class="usa-radio__label"
                  for="Preschool"
                >
                  Preschool
                </label>
              </div>
            </span>
            <span>
              <div
                class="usa-radio"
              >
                <input
                  class="usa-radio__input"
                  id="School-aged"
                  name="ageGroup"
                  type="radio"
                  value="School aged"
                />
                <label
                  class="usa-radio__label"
                  for="School-aged"
                >
                  School aged
                </label>
              </div>
            </span>
          </div>
        </fieldset>
        <fieldset
          aria-labelledby="fieldset-legend-funding-source-undefined funding-source-undefined-hint"
          class="usa-fieldset"
          id="funding-source-undefined"
        >
          <legend
            id="fieldset-legend-funding-source-undefined"
          >
            <span
              class="usa-label"
            >
              Funding source options
            </span>
          </legend>
          <span
            class="usa-hint text-italic"
            id="funding-source-undefined-hint"
          >
            Choose an age group to see available funding types
          </span>
          <div />
        </fieldset>
        <h2>
          Previous enrollment
        </h2>
        <div
          class="usa-form-group"
        >
          <label
            class="usa-label"
            for="last-reporting-period"
          >
            Last reporting period for current CDC - Child Day Care - undefined funding
          </label>
          <span
            class="usa-hint text-italic"
          >
            Last reporting period is only required if this child's funding is no longer active.
          </span>
          <select
            aria-required="false"
            class="usa-select"
            id="last-reporting-period"
            name="last-reporting-period"
          >
            <option
              value=""
            >
              - Select -
            </option>
          </select>
        </div>
        <button
          class="usa-button usa-button--outline bx--btn bx--btn--primary"
          tabindex="0"
          type="button"
        >
          Cancel
        </button>
        <button
          class="usa-button bx--btn bx--btn--primary"
          tabindex="0"
          type="submit"
        >
          Change enrollment
        </button>
      </form>
    </div>
  </div>
</DocumentFragment>
`;
