// Jest Snapshot v1, https://goo.gl/fbAQLP

exports[`BatchEdit EnrollmentFundingForm matches snapshot 1`] = `<DocumentFragment />`;
