// Jest Snapshot v1, https://goo.gl/fbAQLP

exports[`EditRecord matches snapshot 1`] = `
<DocumentFragment>
  <div
    class="grid-container"
  >
    <button
      class="usa-button usa-button--unstyled margin-top-2 text-bold"
      type="button"
    >
      <span
        class="oec-text-with-icon"
      >
        <svg
          class="oec-text-with-icon__icon oec-text-with-icon__icon--direction-left oec-text-with-icon__icon--side-left"
        >
          arrowRight.svg
        </svg>
        Back
      </span>
    </button>
    <div
      class="usa-alert usa-alert--error grid-row"
      role="alert"
    >
      <div
        class="display-flex flex-fill"
      >
        <div
          class="usa-alert__body grid-col flex-fill"
        >
          <h2
            class="usa-alert__heading"
          >
            This record has missing or incorrect info
          </h2>
          <p
            class="usa-alert__text"
          >
            Add required info in enrollment and funding before submitting your data to OEC.
          </p>
        </div>
        <div
          class="usa-alert__body flex-auto display-flex flex-align-center"
        />
      </div>
    </div>
    <div
      class="display-flex flex-justify"
    >
      <div>
        <h1
          class="margin-top-0"
        >
          <span
            class="h2 h2--lighter"
          >
            Edit record 
          </span>
          First Last
        </h1>
      </div>
      <div
        class="display-flex flex-col flex-align-center"
      >
        <span
          class="margin-right-2 text-base-light"
        >
          Quick actions
        </span>
        <button
          class="usa-button usa-button--unstyled margin-right-2"
          type="button"
        >
          <span
            class="oec-text-with-icon"
          >
            <svg
              class="oec-text-with-icon__icon oec-text-with-icon__icon--direction-right oec-text-with-icon__icon--side-left"
            >
              change.svg
            </svg>
            Change age group and/or site
          </span>
        </button>
        <button
          class="usa-button usa-button--unstyled margin-right-0"
          type="button"
        >
          <span
            class="oec-text-with-icon"
          >
            <svg
              class="oec-text-with-icon__icon oec-text-with-icon__icon--direction-right oec-text-with-icon__icon--side-left"
              height="20"
              viewBox="0 0 19 20"
              width="19"
              xmlns="http://www.w3.org/2000/svg"
            >
              <title>
                trashCan
              </title>
              <g
                fill="#D63E04"
                fill-rule="nonzero"
              >
                <path
                  d="M3.221 18.8c.063.695.632 1.2 1.327 1.2h10.905c.695 0 1.263-.526 1.327-1.2L18 6H2l1.221 12.8zm9.452-8.8c0-.358.295-.674.674-.674.358 0 .673.295.673.674v6a.678.678 0 0 1-.673.673.678.678 0 0 1-.674-.673v-6zm-3.347 0c0-.358.295-.674.674-.674.358 0 .673.295.673.674v6a.678.678 0 0 1-.673.673.678.678 0 0 1-.674-.673v-6zM6 10c0-.358.294-.674.673-.674.358 0 .674.295.674.674v6a.678.678 0 0 1-.674.673A.678.678 0 0 1 6 16v-6zM17.649 2.15h-5.426v-.725c0-.791-.6-1.425-1.351-1.425H8.149c-.75 0-1.351.634-1.351 1.425v.724H1.35C.601 2.15 0 2.783 0 3.575 0 4.366.6 5 1.351 5H17.65C18.399 5 19 4.366 19 3.575c0-.792-.6-1.426-1.351-1.426z"
                />
              </g>
            </svg>
            Delete record
          </span>
        </button>
      </div>
    </div>
    <div
      class="grid-col"
    >
      <div
        class="oec-loading-wrapper"
      >
        <div
          aria-hidden="false"
          class=""
        >
          <div
            class="oec-tab-nav"
          >
            <div
              class="oec-tab-nav--header"
            >
              <div
                aria-orientation="horizontal"
                class="grid-row oec-tab-nav--tab-container"
                role="tablist"
              >
                <button
                  aria-selected="true"
                  class="oec-tab-nav--tab oec-tab-nav--tab__active"
                  id="identifiers"
                  role="tab"
                  title="Child identifiers"
                  type="button"
                >
                  <span>
                    Child identifiers
                  </span>
                </button>
                <button
                  aria-selected="false"
                  class="oec-tab-nav--tab"
                  id="demographics"
                  role="tab"
                  title="Child info"
                  type="button"
                >
                  <span>
                    Child info
                  </span>
                </button>
                <button
                  aria-selected="false"
                  class="oec-tab-nav--tab"
                  id="family"
                  role="tab"
                  title="Family address"
                  type="button"
                >
                  <span>
                    Family address
                  </span>
                </button>
                <button
                  aria-selected="false"
                  class="oec-tab-nav--tab"
                  id="income"
                  role="tab"
                  title="Family income"
                  type="button"
                >
                  <span>
                    Family income
                  </span>
                </button>
                <button
                  aria-selected="false"
                  class="oec-tab-nav--tab"
                  id="enrollment"
                  role="tab"
                  title="Enrollment and funding"
                  type="button"
                >
                  <span>
                    <span
                      class="oec-text-with-icon svg-gold-20v"
                    >
                      Enrollment and funding
                      <svg
                        class="oec-text-with-icon__icon oec-text-with-icon__icon--direction-right oec-text-with-icon__icon--side-right"
                        height="126"
                        viewBox="0 0 126 126"
                        width="126"
                        xmlns="http://www.w3.org/2000/svg"
                      >
                        <path
                          d="M117.18 31.592c-5.595-9.586-13.185-17.176-22.771-22.771C84.821 3.226 74.354.429 63.001.429c-11.352 0-21.822 2.797-31.408 8.392-9.587 5.594-17.177 13.184-22.772 22.771C3.225 41.179.428 51.649.428 63c0 11.352 2.798 21.82 8.392 31.408 5.595 9.585 13.185 17.176 22.772 22.771 9.587 5.595 20.056 8.392 31.408 8.392s21.822-2.797 31.408-8.392c9.586-5.594 17.176-13.185 22.771-22.771 5.594-9.587 8.391-20.057 8.391-31.408 0-11.352-2.797-21.822-8.39-31.408zM52.572 16.071c0-.761.244-1.385.733-1.874.489-.488 1.114-.733 1.874-.733h15.644c.76 0 1.385.245 1.872.733.488.489.734 1.113.734 1.874v13.036c0 .76-.246 1.385-.734 1.873-.487.489-1.112.733-1.872.733H55.179c-.76 0-1.385-.244-1.874-.733-.489-.488-.733-1.113-.733-1.873V16.071zm31.285 86.036c0 .76-.246 1.385-.733 1.872-.487.489-1.112.733-1.874.733h-36.5c-.761 0-1.385-.244-1.874-.733-.489-.488-.733-1.113-.733-1.873V89.07c0-.762.244-1.385.733-1.874.489-.488 1.114-.733 1.874-.733h7.822V60.392H44.75c-.761 0-1.385-.244-1.874-.733-.489-.488-.733-1.113-.733-1.874V44.75c0-.761.244-1.385.733-1.874.489-.489 1.114-.733 1.874-.733h26.073c.76 0 1.385.244 1.872.733.488.489.734 1.113.734 1.874v41.714h7.82c.761 0 1.386.245 1.874.733.487.488.733 1.113.733 1.874v13.036h.001z"
                          fill="#1B1B1B"
                        />
                      </svg>
                    </span>
                  </span>
                </button>
                <div
                  class="oec-tab-nav--dropdown opacity-0"
                >
                  <button
                    aria-expanded="false"
                    aria-haspopup="false"
                    aria-hidden="true"
                    class="oec-tab-nav--tab"
                    disabled=""
                  >
                    +0 tabs
                  </button>
                </div>
              </div>
            </div>
            <div
              aria-labelledby="identifiers"
              class="oec-tab-nav--content"
              role="tabpanel"
            >
              <form
                autocomplete="off"
                class="usa-form ChildIdentifiersForm usa-form"
                novalidate=""
              >
                <h2>
                  Child's identifiers
                </h2>
                <div
                  class="mobile-lg:grid-col-9"
                >
                  <div
                    class=" usa-form-group"
                  >
                    <label
                      class="usa-label"
                      for="firstName"
                    >
                      First name 
                    </label>
                    <input
                      aria-required="true"
                      class="usa-input oec-text-input"
                      id="firstName"
                      type="text"
                      value="First"
                    />
                  </div>
                </div>
                <div
                  class="mobile-lg:grid-col-9"
                >
                  <div
                    class=" usa-form-group"
                  >
                    <label
                      class="usa-label"
                      for="middleName"
                    >
                      Middle name 
                      <span
                        class="usa-hint"
                      >
                        Â (optional)
                      </span>
                    </label>
                    <input
                      aria-required="false"
                      class="usa-input oec-text-input"
                      id="middleName"
                      type="text"
                      value=""
                    />
                  </div>
                </div>
                <div
                  class="display-flex flex-row flex-align-end grid-row grid-gap"
                >
                  <div
                    class="mobile-lg:grid-col-9"
                  >
                    <div
                      class=" usa-form-group"
                    >
                      <label
                        class="usa-label"
                        for="lastName"
                      >
                        Last name 
                      </label>
                      <input
                        aria-required="true"
                        class="usa-input oec-text-input"
                        id="lastName"
                        type="text"
                        value="Last"
                      />
                    </div>
                  </div>
                  <div
                    class="mobile-lg:grid-col-3"
                  >
                    <div
                      class=" usa-form-group"
                    >
                      <label
                        class="usa-label"
                        for="suffix"
                      >
                        Suffix 
                        <span
                          class="usa-hint"
                        >
                          Â (optional)
                        </span>
                      </label>
                      <input
                        aria-required="false"
                        class="usa-input oec-text-input"
                        id="suffix"
                        type="text"
                        value=""
                      />
                    </div>
                  </div>
                </div>
                <fieldset
                  aria-labelledby="fieldset-legend-dateOfBirth-picker dateOfBirth-picker-hint"
                  class="usa-fieldset"
                  id="dateOfBirth-picker"
                >
                  <legend
                    id="fieldset-legend-dateOfBirth-picker"
                  >
                    <span
                      class="usa-label"
                    >
                      Birthdate
                    </span>
                  </legend>
                  <span
                    class="usa-hint text-italic"
                    id="dateOfBirth-picker-hint"
                  >
                    For example: 6 21 2008
                  </span>
                  <div>
                    <div
                      class="flex-row flex-align-end usa-memorable-date"
                    >
                      <div
                        class="oec-date-input__input margin-right-1 margin-top-0 usa-form-group"
                      >
                        <label
                          class="usa-label"
                          for="dateOfBirth-picker-month"
                        >
                          Month 
                        </label>
                        <input
                          aria-required="true"
                          class="usa-input oec-text-input usa-input--inline"
                          id="dateOfBirth-picker-month"
                          max="12"
                          min="1"
                          type="number"
                          value=""
                        />
                      </div>
                      <div
                        class="oec-date-input__input margin-right-1 margin-top-0 usa-form-group"
                      >
                        <label
                          class="usa-label"
                          for="dateOfBirth-picker-day"
                        >
                          Day 
                        </label>
                        <input
                          aria-required="true"
                          class="usa-input oec-text-input usa-input--inline"
                          id="dateOfBirth-picker-day"
                          max="31"
                          min="1"
                          type="number"
                          value=""
                        />
                      </div>
                      <div
                        class="oec-date-input__input margin-right-1 margin-top-0 usa-form-group"
                      >
                        <label
                          class="usa-label"
                          for="dateOfBirth-picker-year"
                        >
                          Year 
                        </label>
                        <input
                          aria-required="true"
                          class="usa-input oec-text-input usa-input--inline"
                          id="dateOfBirth-picker-year"
                          max="2200"
                          min="1000"
                          type="number"
                          value=""
                        />
                      </div>
                    </div>
                  </div>
                </fieldset>
                <fieldset
                  aria-labelledby="fieldset-legend-birth-certificate-fields"
                  class="usa-fieldset"
                  id="birth-certificate-fields"
                >
                  <legend
                    id="fieldset-legend-birth-certificate-fields"
                  >
                    <span
                      class="usa-label"
                    >
                      Birth certificate
                    </span>
                  </legend>
                  <div>
                    <span>
                      <div
                        class="usa-radio"
                      >
                        <input
                          class="usa-radio__input"
                          id="US-birth-certificate"
                          name="birthCertificateType"
                          type="radio"
                          value="US birth certificate"
                        />
                        <label
                          class="usa-radio__label"
                          for="US-birth-certificate"
                        >
                          US birth certificate
                        </label>
                      </div>
                    </span>
                    <span>
                      <div
                        class="usa-radio"
                      >
                        <input
                          class="usa-radio__input"
                          id="Non-US-birth-certificate"
                          name="birthCertificateType"
                          type="radio"
                          value="Non-US birth certificate"
                        />
                        <label
                          class="usa-radio__label"
                          for="Non-US-birth-certificate"
                        >
                          Non-US birth certificate
                        </label>
                      </div>
                    </span>
                    <span>
                      <div
                        class="usa-radio"
                      >
                        <input
                          checked=""
                          class="usa-radio__input"
                          id="Unavailable"
                          name="birthCertificateType"
                          type="radio"
                          value="Unavailable"
                        />
                        <label
                          class="usa-radio__label"
                          for="Unavailable"
                        >
                          Unavailable
                        </label>
                      </div>
                    </span>
                  </div>
                </fieldset>
                <input
                  class="usa-button"
                  type="submit"
                  value="Save"
                />
              </form>
            </div>
          </div>
        </div>
        <div
          class="oec-loading-wrapper__indicator bg-white"
          hidden=""
        >
          <div
            class="MuiCircularProgress-root indeterminate MuiCircularProgress-colorPrimary MuiCircularProgress-indeterminate"
            role="progressbar"
            style="width: 40px; height: 40px;"
          >
            <svg
              class="MuiCircularProgress-svg"
              viewBox="22 22 44 44"
            >
              <circle
                class="MuiCircularProgress-circle MuiCircularProgress-circleIndeterminate"
                cx="44"
                cy="44"
                fill="none"
                r="20.2"
                stroke-width="3.6"
              />
            </svg>
          </div>
        </div>
      </div>
    </div>
  </div>
</DocumentFragment>
`;
