// Jest Snapshot v1, https://goo.gl/fbAQLP

exports[`Forms Enrollment matches snapshot 1`] = `
<DocumentFragment>
  <form
    class="usa-form"
    id="edit-enrollment-form-1"
  >
    <fieldset
      aria-labelledby="fieldset-legend-site-radiogroup"
      class="usa-fieldset"
      id="site-radiogroup"
    >
      <legend
        id="fieldset-legend-site-radiogroup"
      >
        <span
          class="usa-label"
        >
          Site
        </span>
      </legend>
      <div />
    </fieldset>
    <fieldset
      aria-labelledby="fieldset-legend-start-date start-date-hint"
      class="usa-fieldset"
      id="start-date"
    >
      <legend
        id="fieldset-legend-start-date"
      >
        <span
          class="usa-label"
        >
          Enrollment start date
        </span>
      </legend>
      <span
        class="usa-hint text-italic"
        id="start-date-hint"
      >
        For example: 06/21/2008
      </span>
      <div>
        <div
          class="bx--form-item"
        >
          <div
            class="bx--date-picker bx--date-picker--single"
            id="start-date-picker"
          >
            <div
              class="bx--date-picker-container"
            >
              <label
                class="bx--label bx--visually-hidden"
                for="start-date-input"
              >
                Date picker
              </label>
              <div
                class="bx--date-picker-input__wrapper"
              >
                <input
                  class="bx--date-picker__input flatpickr-input"
                  id="start-date-input"
                  pattern="\\\\d{1,2}\\\\/\\\\d{1,2}\\\\/\\\\d{4}"
                  placeholder="mm/dd/yyyy"
                  type="text"
                  value="09/03/2020"
                />
                <svg
                  aria-hidden="true"
                  class="bx--date-picker__icon"
                  fill="currentColor"
                  focusable="false"
                  height="16"
                  preserveAspectRatio="xMidYMid meet"
                  role="img"
                  viewBox="0 0 32 32"
                  width="16"
                  xmlns="http://www.w3.org/2000/svg"
                >
                  <path
                    d="M26,4h-4V2h-2v2h-8V2h-2v2H6C4.9,4,4,4.9,4,6v20c0,1.1,0.9,2,2,2h20c1.1,0,2-0.9,2-2V6C28,4.9,27.1,4,26,4z M26,26H6V12h20	V26z M26,10H6V6h4v2h2V6h8v2h2V6h4V10z"
                  />
                </svg>
              </div>
            </div>
          </div>
        </div>
      </div>
    </fieldset>
    <fieldset
      aria-labelledby="fieldset-legend-end-date end-date-hint"
      class="usa-fieldset"
      id="end-date"
    >
      <legend
        id="fieldset-legend-end-date"
      >
        <span
          class="usa-label"
        >
          Enrollment end date
        </span>
      </legend>
      <span
        class="usa-hint text-italic"
        id="end-date-hint"
      >
        For example: 06/21/2008
      </span>
      <div>
        <div
          class="bx--form-item"
        >
          <div
            class="bx--date-picker bx--date-picker--single"
            id="end-date-picker"
          >
            <div
              class="bx--date-picker-container"
            >
              <label
                class="bx--label bx--visually-hidden"
                for="end-date-input"
              >
                Date picker
              </label>
              <div
                class="bx--date-picker-input__wrapper"
              >
                <input
                  class="bx--date-picker__input flatpickr-input"
                  id="end-date-input"
                  pattern="\\\\d{1,2}\\\\/\\\\d{1,2}\\\\/\\\\d{4}"
                  placeholder="mm/dd/yyyy"
                  type="text"
                  value=""
                />
                <svg
                  aria-hidden="true"
                  class="bx--date-picker__icon"
                  fill="currentColor"
                  focusable="false"
                  height="16"
                  preserveAspectRatio="xMidYMid meet"
                  role="img"
                  viewBox="0 0 32 32"
                  width="16"
                  xmlns="http://www.w3.org/2000/svg"
                >
                  <path
                    d="M26,4h-4V2h-2v2h-8V2h-2v2H6C4.9,4,4,4.9,4,6v20c0,1.1,0.9,2,2,2h20c1.1,0,2-0.9,2-2V6C28,4.9,27.1,4,26,4z M26,26H6V12h20	V26z M26,10H6V6h4v2h2V6h8v2h2V6h4V10z"
                  />
                </svg>
              </div>
            </div>
          </div>
        </div>
      </div>
    </fieldset>
    <div
      class="usa-form-group"
    >
      <label
        class="usa-label"
        for="exit-reason"
      >
        <span
          class="text-bold"
        >
          Exit reason
        </span>
      </label>
      <select
        aria-required="true"
        class="usa-select"
        id="exit-reason"
        name=""
      >
        <option
          value=""
        >
          - Select -
        </option>
        <option
          value="Aged out"
        >
          Aged out
        </option>
        <option
          value="Moved within program"
        >
          Moved within program
        </option>
        <option
          value="Stopped attending"
        >
          Stopped attending
        </option>
        <option
          value="Chose to attend a different program"
        >
          Chose to attend a different program
        </option>
        <option
          value=" Moved within Connecticut"
        >
           Moved within Connecticut
        </option>
        <option
          value="Moved to another state"
        >
          Moved to another state
        </option>
        <option
          value="Withdrew due to lack of payment"
        >
          Withdrew due to lack of payment
        </option>
        <option
          value="Child was asked to leave"
        >
          Child was asked to leave
        </option>
        <option
          value="Unknown"
        >
          Unknown
        </option>
      </select>
    </div>
    <fieldset
      aria-labelledby="fieldset-legend-care-model-radiogroup"
      class="usa-fieldset"
      id="care-model-radiogroup"
    >
      <legend
        id="fieldset-legend-care-model-radiogroup"
      >
        <span
          class="usa-label"
        >
          Care model
        </span>
      </legend>
      <div>
        <span>
          <div
            class="usa-radio"
          >
            <input
              class="usa-radio__input"
              id="In-person"
              name="model"
              type="radio"
              value="In-person"
            />
            <label
              class="usa-radio__label"
              for="In-person"
            >
              In-person
            </label>
          </div>
        </span>
        <span>
          <div
            class="usa-radio"
          >
            <input
              class="usa-radio__input"
              id="Hybrid"
              name="model"
              type="radio"
              value="Hybrid"
            />
            <label
              class="usa-radio__label"
              for="Hybrid"
            >
              Hybrid
            </label>
          </div>
        </span>
        <span>
          <div
            class="usa-radio"
          >
            <input
              class="usa-radio__input"
              id="Distance"
              name="model"
              type="radio"
              value="Distance"
            />
            <label
              class="usa-radio__label"
              for="Distance"
            >
              Distance
            </label>
          </div>
        </span>
        <span>
          <div
            class="usa-radio"
          >
            <input
              class="usa-radio__input"
              id="Unknown"
              name="model"
              type="radio"
              value="Unknown"
            />
            <label
              class="usa-radio__label"
              for="Unknown"
            >
              Unknown
            </label>
          </div>
        </span>
      </div>
    </fieldset>
    <fieldset
      aria-labelledby="fieldset-legend-age-group-radiogroup"
      class="usa-fieldset"
      id="age-group-radiogroup"
    >
      <legend
        id="fieldset-legend-age-group-radiogroup"
      >
        <span
          class="usa-label"
        >
          Age group
        </span>
      </legend>
      <div>
        <span>
          <div
            class="usa-radio"
          >
            <input
              class="usa-radio__input"
              id="Infant/toddler"
              name="ageGroup"
              type="radio"
              value="Infant/toddler"
            />
            <label
              class="usa-radio__label"
              for="Infant/toddler"
            >
              Infant/toddler
            </label>
          </div>
        </span>
        <span>
          <div
            class="usa-radio"
          >
            <input
              class="usa-radio__input"
              id="Preschool"
              name="ageGroup"
              type="radio"
              value="Preschool"
            />
            <label
              class="usa-radio__label"
              for="Preschool"
            >
              Preschool
            </label>
          </div>
        </span>
        <span>
          <div
            class="usa-radio"
          >
            <input
              class="usa-radio__input"
              id="School-aged"
              name="ageGroup"
              type="radio"
              value="School aged"
            />
            <label
              class="usa-radio__label"
              for="School-aged"
            >
              School aged
            </label>
          </div>
        </span>
      </div>
    </fieldset>
    <fieldset
      aria-labelledby="fieldset-legend-funding-source-1 funding-source-1-hint"
      class="usa-fieldset"
      id="funding-source-1"
    >
      <legend
        id="fieldset-legend-funding-source-1"
      >
        <span
          class="usa-label"
        >
          Funding source options
        </span>
      </legend>
      <span
        class="usa-hint text-italic"
        id="funding-source-1-hint"
      >
        Choose an age group to see available funding types
      </span>
      <div />
    </fieldset>
    <button
      class="usa-button bx--btn bx--btn--primary"
      tabindex="0"
      type="submit"
    >
      Save
    </button>
  </form>
</DocumentFragment>
`;
