// Jest Snapshot v1, https://goo.gl/fbAQLP

exports[`EditRecord FamilyInfo matches snapshot 1`] = `
<DocumentFragment>
  <div
    class="grid-container margin-top-2"
  >
    <h2
      class="grid-row"
    >
      Family Address
    </h2>
    <p
      class="usa-hint"
    >
      Information is required unless otherwise specified.
    </p>
    <form
      autocomplete="off"
      class="FamilyInfoForm"
      novalidate=""
    >
      <h3
        class="grid-row margin-top-4"
      >
        Address
      </h3>
      <fieldset
        class="grid-gap grid-row usa-fieldset display-inline-block"
        id="family-address"
        role="presentation"
      >
        <legend
          id="fieldset-legend-family-address"
        >
          <span
            class="usa-label"
          >
            Address
          </span>
        </legend>
        <div
          class="grid-gap grid-col"
        >
          <div
            class="grid-col-12 margin-top-2"
          >
            <div
              class=" usa-form-group"
            >
              <label
                class="usa-label"
                for="street-address"
              >
                Street address 
              </label>
              <input
                aria-required="true"
                class="usa-input"
                id="street-address"
                type="text"
                value=""
              />
            </div>
          </div>
          <div
            class="grid-row grid-gap"
          >
            <div
              class="grid-col-8 display-inline-block"
            >
              <div
                class=" usa-form-group"
              >
                <label
                  class="usa-label"
                  for="town"
                >
                  Town 
                </label>
                <input
                  aria-required="true"
                  class="usa-input"
                  id="town"
                  type="text"
                  value=""
                />
              </div>
            </div>
            <div
              class="grid-col-4 display-inline-block"
            >
              <div
                class="usa-form-group"
              >
                <div
                  class=""
                />
                <label
                  class="usa-label"
                  for="state"
                >
                  State
                </label>
                <select
                  aria-required="true"
                  class="usa-select"
                  id="state"
                  name="state"
                >
                  <option
                    value=""
                  >
                    - Select -
                  </option>
                  <option
                    value="CT"
                  >
                    CT
                  </option>
                  <option
                    value="MA"
                  >
                    MA
                  </option>
                  <option
                    value="NY"
                  >
                    NY
                  </option>
                  <option
                    value="RI"
                  >
                    RI
                  </option>
                </select>
              </div>
            </div>
          </div>
          <div
            class="grid-col-6"
          >
            <div
              class=" usa-form-group"
            >
              <label
                class="usa-label"
                for="zip"
              >
                Zip code 
              </label>
              <input
                aria-required="true"
                class="usa-input"
                id="zip"
                type="text"
                value=""
              />
            </div>
          </div>
        </div>
      </fieldset>
      <h3
        class="grid-row margin-top-4"
      >
        Homelessness?
      </h3>
      <div
        class="margin-top-2"
      >
        <div
          class="usa-checkbox"
        >
          <input
            class="usa-checkbox__input"
            id="homelessness"
            type="checkbox"
            value="homelessness"
          />
          <label
            class="usa-checkbox__label"
            for="homelessness"
          >
            Family has experienced homelessness / housing insecurity within the last year
          </label>
        </div>
      </div>
      <div
        class="grid-row margin-top-2"
      >
        <input
          class="usa-button"
          type="submit"
          value="Save edits"
        />
      </div>
    </form>
  </div>
</DocumentFragment>
`;
