// Jest Snapshot v1, https://goo.gl/fbAQLP

exports[`Forms Funding matches snapshot 1`] = `
<DocumentFragment>
  <form
    class="usa-form usa-form"
    id="id"
  >
    <div
      class="usa-form-group"
    >
      <label
        class="usa-label"
        for="contract-space"
      >
        Contract space
      </label>
      <select
        aria-required="true"
        class="usa-select"
        id="contract-space"
        name="contract-space"
      >
        <option
          value=""
        >
          - Select -
        </option>
      </select>
    </div>
    <fieldset
      aria-labelledby="fieldset-legend-funding-start-date funding-start-date-hint"
      class="usa-fieldset"
      id="funding-start-date"
    >
      <legend
        id="fieldset-legend-funding-start-date"
      >
        <span
          class="usa-label"
        >
          Funding start date
        </span>
      </legend>
      <span
        class="usa-hint text-italic"
        id="funding-start-date-hint"
      >
        For example: 06/21/2008
      </span>
      <div>
        <div
          class="bx--form-item"
        >
          <div
            class="bx--date-picker bx--date-picker--single"
            id="funding-start-date-picker"
          >
            <div
              class="bx--date-picker-container"
            >
              <label
                class="bx--label bx--visually-hidden"
                for="funding-start-date-input"
              >
                Date picker
              </label>
              <div
                class="bx--date-picker-input__wrapper"
              >
                <input
                  class="bx--date-picker__input flatpickr-input"
                  id="funding-start-date-input"
                  pattern="\\\\d{1,2}\\\\/\\\\d{1,2}\\\\/\\\\d{4}"
                  placeholder="mm/dd/yyyy"
                  type="text"
                  value=""
                />
                <svg
                  aria-hidden="true"
                  class="bx--date-picker__icon"
                  fill="currentColor"
                  focusable="false"
                  height="16"
                  preserveAspectRatio="xMidYMid meet"
                  role="img"
                  viewBox="0 0 32 32"
                  width="16"
                  xmlns="http://www.w3.org/2000/svg"
                >
                  <path
                    d="M26,4h-4V2h-2v2h-8V2h-2v2H6C4.9,4,4,4.9,4,6v20c0,1.1,0.9,2,2,2h20c1.1,0,2-0.9,2-2V6C28,4.9,27.1,4,26,4z M26,26H6V12h20	V26z M26,10H6V6h4v2h2V6h8v2h2V6h4V10z"
                  />
                </svg>
              </div>
            </div>
          </div>
        </div>
      </div>
    </fieldset>
    <fieldset
      aria-labelledby="fieldset-legend-funding-end-date funding-end-date-hint"
      class="usa-fieldset"
      id="funding-end-date"
    >
      <legend
        id="fieldset-legend-funding-end-date"
      >
        <span
          class="usa-label"
        >
          Funding end date
        </span>
      </legend>
      <span
        class="usa-hint text-italic"
        id="funding-end-date-hint"
      >
        For example: 06/21/2008
      </span>
      <div>
        <div
          class="bx--form-item"
        >
          <div
            class="bx--date-picker bx--date-picker--single"
            id="funding-end-date-picker"
          >
            <div
              class="bx--date-picker-container"
            >
              <label
                class="bx--label bx--visually-hidden"
                for="funding-end-date-input"
              >
                Date picker
              </label>
              <div
                class="bx--date-picker-input__wrapper"
              >
                <input
                  class="bx--date-picker__input flatpickr-input"
                  id="funding-end-date-input"
                  pattern="\\\\d{1,2}\\\\/\\\\d{1,2}\\\\/\\\\d{4}"
                  placeholder="mm/dd/yyyy"
                  type="text"
                  value=""
                />
                <svg
                  aria-hidden="true"
                  class="bx--date-picker__icon"
                  fill="currentColor"
                  focusable="false"
                  height="16"
                  preserveAspectRatio="xMidYMid meet"
                  role="img"
                  viewBox="0 0 32 32"
                  width="16"
                  xmlns="http://www.w3.org/2000/svg"
                >
                  <path
                    d="M26,4h-4V2h-2v2h-8V2h-2v2H6C4.9,4,4,4.9,4,6v20c0,1.1,0.9,2,2,2h20c1.1,0,2-0.9,2-2V6C28,4.9,27.1,4,26,4z M26,26H6V12h20	V26z M26,10H6V6h4v2h2V6h8v2h2V6h4V10z"
                  />
                </svg>
              </div>
            </div>
          </div>
        </div>
      </div>
    </fieldset>
    <button
      class="usa-button bx--btn bx--btn--primary"
      tabindex="0"
      type="submit"
    >
      Save
    </button>
  </form>
</DocumentFragment>
`;
